[     299ms] [INFO] %cDownload the React DevTools for a better development experience: https://react.dev/link/react-devtools font-weight:bold @ http://localhost:3002/_next/static/chunks/13gc_next_dist_08thvya._.js:2477
[     341ms] [LOG] [HMR] connected @ http://localhost:3002/_next/static/chunks/13gc_next_dist_08thvya._.js:2477
[     402ms] [WARNING] Swiper Loop Warning: The number of slides is not enough for loop mode, it will be disabled or not function properly. You need to add more slides (or make duplicates) or lower the values of slidesPerView and slidesPerGroup parameters @ http://localhost:3002/_next/static/chunks/13gc_next_dist_08thvya._.js:2477
[    5403ms] [WARNING] Swiper Loop Warning: The number of slides is not enough for loop mode, it will be disabled or not function properly. You need to add more slides (or make duplicates) or lower the values of slidesPerView and slidesPerGroup parameters @ http://localhost:3002/_next/static/chunks/13gc_next_dist_08thvya._.js:2477
[   11067ms] [LOG] [Fast Refresh] rebuilding @ http://localhost:3002/_next/static/chunks/13gc_next_dist_08thvya._.js:2477
[   11086ms] [LOG] [Fast Refresh] done in 120ms @ http://localhost:3002/_next/static/chunks/13gc_next_dist_08thvya._.js:2477
[   22315ms] [LOG] [Fast Refresh] rebuilding @ http://localhost:3002/_next/static/chunks/13gc_next_dist_08thvya._.js:2477
[   22404ms] [LOG] [Fast Refresh] done in 189ms @ http://localhost:3002/_next/static/chunks/13gc_next_dist_08thvya._.js:2477
[   40770ms] [ERROR] WebSocket connection to 'ws://localhost:3002/_next/webpack-hmr?id=IG9DoLW9M7ZrLilQ4bVo7' failed: Error in connection establishment: net::ERR_CONNECTION_REFUSED @ http://localhost:3002/_next/static/chunks/13gc_next_dist_client_0-g0skv._.js:13322
[   41772ms] [ERROR] WebSocket connection to 'ws://localhost:3002/_next/webpack-hmr?id=IG9DoLW9M7ZrLilQ4bVo7' failed: Error in connection establishment: net::ERR_CONNECTION_REFUSED @ http://localhost:3002/_next/static/chunks/13gc_next_dist_client_0-g0skv._.js:13322
[   42774ms] [ERROR] WebSocket connection to 'ws://localhost:3002/_next/webpack-hmr?id=IG9DoLW9M7ZrLilQ4bVo7' failed: Error in connection establishment: net::ERR_CONNECTION_REFUSED @ http://localhost:3002/_next/static/chunks/13gc_next_dist_client_0-g0skv._.js:13322
[   43777ms] [ERROR] WebSocket connection to 'ws://localhost:3002/_next/webpack-hmr?id=IG9DoLW9M7ZrLilQ4bVo7' failed: Error in connection establishment: net::ERR_CONNECTION_REFUSED @ http://localhost:3002/_next/static/chunks/13gc_next_dist_client_0-g0skv._.js:13322
[   45390ms] [LOG] [HMR] connected @ http://localhost:3002/_next/static/chunks/13gc_next_dist_08thvya._.js:2477
[   54537ms] [INFO] %cDownload the React DevTools for a better development experience: https://react.dev/link/react-devtools font-weight:bold @ http://localhost:3002/_next/static/chunks/13gc_next_dist_08thvya._.js:2477
[   54576ms] [LOG] [HMR] connected @ http://localhost:3002/_next/static/chunks/13gc_next_dist_08thvya._.js:2477
[   54586ms] [WARNING] %c%s%c [resolveComponents] Component not found or has no layers: background: #e6e6e6;background: light-dark(rgba(0,0,0,0.1), rgba(255,255,255,0.25));color: #000000;color: light-dark(#000000, #ffffff);border-radius: 2px  Server   71cb79f1-8ed8-4e1f-bc3e-309f5e158475 @ http://localhost:3002/_next/static/chunks/13gc_next_dist_08thvya._.js:2477
[   55093ms] [LOG] [Fast Refresh] rebuilding @ http://localhost:3002/_next/static/chunks/13gc_next_dist_08thvya._.js:2477
[   55125ms] [WARNING] Swiper Loop Warning: The number of slides is not enough for loop mode, it will be disabled or not function properly. You need to add more slides (or make duplicates) or lower the values of slidesPerView and slidesPerGroup parameters @ http://localhost:3002/_next/static/chunks/13gc_next_dist_08thvya._.js:2477
[   56743ms] [LOG] [Fast Refresh] done in 1756ms @ http://localhost:3002/_next/static/chunks/13gc_next_dist_08thvya._.js:2477
[   56985ms] [LOG] [Fast Refresh] rebuilding @ http://localhost:3002/_next/static/chunks/13gc_next_dist_08thvya._.js:2477
[   57693ms] [LOG] [Fast Refresh] done in 809ms @ http://localhost:3002/_next/static/chunks/13gc_next_dist_08thvya._.js:2477
[   58256ms] [LOG] [Fast Refresh] rebuilding @ http://localhost:3002/_next/static/chunks/13gc_next_dist_08thvya._.js:2477
[   58336ms] [LOG] [Fast Refresh] done in 182ms @ http://localhost:3002/_next/static/chunks/13gc_next_dist_08thvya._.js:2477
[   58516ms] [LOG] [Fast Refresh] rebuilding @ http://localhost:3002/_next/static/chunks/13gc_next_dist_08thvya._.js:2477
[   59046ms] [LOG] [Fast Refresh] done in 632ms @ http://localhost:3002/_next/static/chunks/13gc_next_dist_08thvya._.js:2477
[   59398ms] [LOG] [Fast Refresh] rebuilding @ http://localhost:3002/_next/static/chunks/13gc_next_dist_08thvya._.js:2477
[   59440ms] [LOG] [Fast Refresh] done in 143ms @ http://localhost:3002/_next/static/chunks/13gc_next_dist_08thvya._.js:2477
[   59542ms] [LOG] [Fast Refresh] rebuilding @ http://localhost:3002/_next/static/chunks/13gc_next_dist_08thvya._.js:2477
[   59562ms] [LOG] [Fast Refresh] done in 121ms @ http://localhost:3002/_next/static/chunks/13gc_next_dist_08thvya._.js:2477
[   59663ms] [LOG] [Fast Refresh] rebuilding @ http://localhost:3002/_next/static/chunks/13gc_next_dist_08thvya._.js:2477
[   59991ms] [LOG] [Fast Refresh] done in 428ms @ http://localhost:3002/_next/static/chunks/13gc_next_dist_08thvya._.js:2477
[   60127ms] [WARNING] Swiper Loop Warning: The number of slides is not enough for loop mode, it will be disabled or not function properly. You need to add more slides (or make duplicates) or lower the values of slidesPerView and slidesPerGroup parameters @ http://localhost:3002/_next/static/chunks/13gc_next_dist_08thvya._.js:2477
