[     298ms] [INFO] %cDownload the React DevTools for a better development experience: https://react.dev/link/react-devtools font-weight:bold @ http://localhost:3002/_next/static/chunks/13gc_next_dist_08thvya._.js:2477
[     312ms] [LOG] [HMR] connected @ http://localhost:3002/_next/static/chunks/13gc_next_dist_08thvya._.js:2477
[     444ms] [LOG] [Fast Refresh] rebuilding @ http://localhost:3002/_next/static/chunks/13gc_next_dist_08thvya._.js:2477
[     603ms] [LOG] [Fast Refresh] done in 261ms @ http://localhost:3002/_next/static/chunks/13gc_next_dist_08thvya._.js:2477
[   33530ms] [ERROR] WebSocket connection to 'ws://localhost:3002/_next/webpack-hmr?id=KTkPKJwCKghET2GB-bwkP' failed: Error in connection establishment: net::ERR_CONNECTION_REFUSED @ http://localhost:3002/_next/static/chunks/13gc_next_dist_client_0-g0skv._.js:13322
[   34532ms] [ERROR] WebSocket connection to 'ws://localhost:3002/_next/webpack-hmr?id=KTkPKJwCKghET2GB-bwkP' failed: Error in connection establishment: net::ERR_CONNECTION_REFUSED @ http://localhost:3002/_next/static/chunks/13gc_next_dist_client_0-g0skv._.js:13322
[   35534ms] [ERROR] WebSocket connection to 'ws://localhost:3002/_next/webpack-hmr?id=KTkPKJwCKghET2GB-bwkP' failed: Error in connection establishment: net::ERR_CONNECTION_REFUSED @ http://localhost:3002/_next/static/chunks/13gc_next_dist_client_0-g0skv._.js:13322
[   36535ms] [ERROR] WebSocket connection to 'ws://localhost:3002/_next/webpack-hmr?id=KTkPKJwCKghET2GB-bwkP' failed: Error in connection establishment: net::ERR_CONNECTION_REFUSED @ http://localhost:3002/_next/static/chunks/13gc_next_dist_client_0-g0skv._.js:13322
[   37539ms] [LOG] [HMR] connected @ http://localhost:3002/_next/static/chunks/13gc_next_dist_08thvya._.js:2477
[   48108ms] [INFO] %cDownload the React DevTools for a better development experience: https://react.dev/link/react-devtools font-weight:bold @ http://localhost:3002/_next/static/chunks/13gc_next_dist_08thvya._.js:2477
[   48124ms] [LOG] [HMR] connected @ http://localhost:3002/_next/static/chunks/13gc_next_dist_08thvya._.js:2477
[   48563ms] [LOG] [Fast Refresh] rebuilding @ http://localhost:3002/_next/static/chunks/13gc_next_dist_08thvya._.js:2477
[   49569ms] [LOG] [Fast Refresh] done in 1108ms @ http://localhost:3002/_next/static/chunks/13gc_next_dist_08thvya._.js:2477
[   50018ms] [LOG] [Fast Refresh] rebuilding @ http://localhost:3002/_next/static/chunks/13gc_next_dist_08thvya._.js:2477
[   50075ms] [LOG] [Fast Refresh] done in 158ms @ http://localhost:3002/_next/static/chunks/13gc_next_dist_08thvya._.js:2477
[   50252ms] [LOG] [Fast Refresh] rebuilding @ http://localhost:3002/_next/static/chunks/13gc_next_dist_08thvya._.js:2477
[   51180ms] [LOG] [Fast Refresh] done in 1030ms @ http://localhost:3002/_next/static/chunks/13gc_next_dist_08thvya._.js:2477
[   51411ms] [LOG] [Fast Refresh] rebuilding @ http://localhost:3002/_next/static/chunks/13gc_next_dist_08thvya._.js:2477
[   52009ms] [LOG] [Fast Refresh] done in 699ms @ http://localhost:3002/_next/static/chunks/13gc_next_dist_08thvya._.js:2477
[   52338ms] [LOG] [Fast Refresh] rebuilding @ http://localhost:3002/_next/static/chunks/13gc_next_dist_08thvya._.js:2477
[   52625ms] [LOG] [Fast Refresh] done in 388ms @ http://localhost:3002/_next/static/chunks/13gc_next_dist_08thvya._.js:2477
[   52901ms] [LOG] [Fast Refresh] rebuilding @ http://localhost:3002/_next/static/chunks/13gc_next_dist_08thvya._.js:2477
[   52920ms] [LOG] [Fast Refresh] done in 121ms @ http://localhost:3002/_next/static/chunks/13gc_next_dist_08thvya._.js:2477
[   53103ms] [LOG] [Fast Refresh] rebuilding @ http://localhost:3002/_next/static/chunks/13gc_next_dist_08thvya._.js:2477
[   53151ms] [LOG] [Fast Refresh] done in 149ms @ http://localhost:3002/_next/static/chunks/13gc_next_dist_08thvya._.js:2477
[   53645ms] [LOG] [Fast Refresh] rebuilding @ http://localhost:3002/_next/static/chunks/13gc_next_dist_08thvya._.js:2477
[   53825ms] [LOG] [Fast Refresh] done in 280ms @ http://localhost:3002/_next/static/chunks/13gc_next_dist_08thvya._.js:2477
[   54135ms] [LOG] [Fast Refresh] rebuilding @ http://localhost:3002/_next/static/chunks/13gc_next_dist_08thvya._.js:2477
[   54217ms] [LOG] [Fast Refresh] done in 184ms @ http://localhost:3002/_next/static/chunks/13gc_next_dist_08thvya._.js:2477
[   54505ms] [LOG] [Fast Refresh] rebuilding @ http://localhost:3002/_next/static/chunks/13gc_next_dist_08thvya._.js:2477
[   54650ms] [LOG] [Fast Refresh] done in 246ms @ http://localhost:3002/_next/static/chunks/13gc_next_dist_08thvya._.js:2477
