[     236ms] [INFO] %cDownload the React DevTools for a better development experience: https://react.dev/link/react-devtools font-weight:bold @ http://localhost:3002/_next/static/chunks/13gc_next_dist_08thvya._.js:2477
[     251ms] [LOG] [HMR] connected @ http://localhost:3002/_next/static/chunks/13gc_next_dist_08thvya._.js:2477
[     393ms] [LOG] [Fast Refresh] rebuilding @ http://localhost:3002/_next/static/chunks/13gc_next_dist_08thvya._.js:2477
[     906ms] [LOG] [Fast Refresh] done in 613ms @ http://localhost:3002/_next/static/chunks/13gc_next_dist_08thvya._.js:2477
[   23045ms] [LOG] [Fast Refresh] rebuilding @ http://localhost:3002/_next/static/chunks/13gc_next_dist_08thvya._.js:2477
[   23086ms] [LOG] [Fast Refresh] done in 141ms @ http://localhost:3002/_next/static/chunks/13gc_next_dist_08thvya._.js:2477
[   57124ms] [LOG] [Fast Refresh] rebuilding @ http://localhost:3002/_next/static/chunks/13gc_next_dist_08thvya._.js:2477
[   57297ms] [LOG] [Fast Refresh] done in 275ms @ http://localhost:3002/_next/static/chunks/13gc_next_dist_08thvya._.js:2477
[   58044ms] [LOG] [Fast Refresh] rebuilding @ http://localhost:3002/_next/static/chunks/13gc_next_dist_08thvya._.js:2477
[   58079ms] [LOG] [Fast Refresh] done in 137ms @ http://localhost:3002/_next/static/chunks/13gc_next_dist_08thvya._.js:2477
[   94959ms] [LOG] [Fast Refresh] rebuilding @ http://localhost:3002/_next/static/chunks/13gc_next_dist_08thvya._.js:2477
[   95007ms] [LOG] [Fast Refresh] done in 150ms @ http://localhost:3002/_next/static/chunks/13gc_next_dist_08thvya._.js:2477
[  451870ms] [LOG] [Fast Refresh] rebuilding @ http://localhost:3002/_next/static/chunks/13gc_next_dist_08thvya._.js:2477
[  452281ms] [LOG] [Fast Refresh] done in 514ms @ http://localhost:3002/_next/static/chunks/13gc_next_dist_08thvya._.js:2477
[  453146ms] [LOG] [Fast Refresh] rebuilding @ http://localhost:3002/_next/static/chunks/13gc_next_dist_08thvya._.js:2477
[  453263ms] [LOG] [Fast Refresh] done in 219ms @ http://localhost:3002/_next/static/chunks/13gc_next_dist_08thvya._.js:2477
[  471344ms] [LOG] [Fast Refresh] rebuilding @ http://localhost:3002/_next/static/chunks/13gc_next_dist_08thvya._.js:2477
[  472307ms] [LOG] [Fast Refresh] done in 1066ms @ http://localhost:3002/_next/static/chunks/13gc_next_dist_08thvya._.js:2477
[  472610ms] [LOG] [Fast Refresh] rebuilding @ http://localhost:3002/_next/static/chunks/13gc_next_dist_08thvya._.js:2477
[  472656ms] [LOG] [Fast Refresh] done in 146ms @ http://localhost:3002/_next/static/chunks/13gc_next_dist_08thvya._.js:2477
[  545168ms] [LOG] [Fast Refresh] rebuilding @ http://localhost:3002/_next/static/chunks/13gc_next_dist_08thvya._.js:2477
[  545947ms] [LOG] [Fast Refresh] done in 880ms @ http://localhost:3002/_next/static/chunks/13gc_next_dist_08thvya._.js:2477
[  580722ms] [LOG] [Fast Refresh] rebuilding @ http://localhost:3002/_next/static/chunks/13gc_next_dist_08thvya._.js:2477
[  580912ms] [LOG] [Fast Refresh] done in 290ms @ http://localhost:3002/_next/static/chunks/13gc_next_dist_08thvya._.js:2477
[  816306ms] [LOG] [Fast Refresh] rebuilding @ http://localhost:3002/_next/static/chunks/13gc_next_dist_08thvya._.js:2477
[  816388ms] [LOG] [Fast Refresh] done in 185ms @ http://localhost:3002/_next/static/chunks/13gc_next_dist_08thvya._.js:2477
[  994355ms] [LOG] [Fast Refresh] rebuilding @ http://localhost:3002/_next/static/chunks/13gc_next_dist_08thvya._.js:2477
[  994497ms] [LOG] [Fast Refresh] done in 244ms @ http://localhost:3002/_next/static/chunks/13gc_next_dist_08thvya._.js:2477
[ 1003516ms] [LOG] [Fast Refresh] rebuilding @ http://localhost:3002/_next/static/chunks/13gc_next_dist_08thvya._.js:2477
[ 1003750ms] [LOG] [Fast Refresh] done in 337ms @ http://localhost:3002/_next/static/chunks/13gc_next_dist_08thvya._.js:2477
[ 1004875ms] [LOG] [Fast Refresh] rebuilding @ http://localhost:3002/_next/static/chunks/13gc_next_dist_08thvya._.js:2477
[ 1004943ms] [LOG] [Fast Refresh] done in 170ms @ http://localhost:3002/_next/static/chunks/13gc_next_dist_08thvya._.js:2477
[ 1042432ms] [LOG] [Fast Refresh] rebuilding @ http://localhost:3002/_next/static/chunks/13gc_next_dist_08thvya._.js:2477
[ 1042444ms] [LOG] [Fast Refresh] done in 113ms @ http://localhost:3002/_next/static/chunks/13gc_next_dist_08thvya._.js:2477
[ 1220827ms] [LOG] [Fast Refresh] rebuilding @ http://localhost:3002/_next/static/chunks/13gc_next_dist_08thvya._.js:2477
[ 1221240ms] [LOG] [Fast Refresh] done in 434ms @ http://localhost:3002/_next/static/chunks/13gc_next_dist_08thvya._.js:2477
[ 1221432ms] [LOG] [Fast Refresh] rebuilding @ http://localhost:3002/_next/static/chunks/13gc_next_dist_08thvya._.js:2477
[ 1221532ms] [LOG] [Fast Refresh] done in 200ms @ http://localhost:3002/_next/static/chunks/13gc_next_dist_08thvya._.js:2477
[ 1222822ms] [LOG] [Fast Refresh] rebuilding @ http://localhost:3002/_next/static/chunks/13gc_next_dist_08thvya._.js:2477
[ 1222943ms] [LOG] [Fast Refresh] done in 221ms @ http://localhost:3002/_next/static/chunks/13gc_next_dist_08thvya._.js:2477
[ 1223880ms] [LOG] [Fast Refresh] rebuilding @ http://localhost:3002/_next/static/chunks/13gc_next_dist_08thvya._.js:2477
[ 1223884ms] [LOG] [Fast Refresh] done in 106ms @ http://localhost:3002/_next/static/chunks/13gc_next_dist_08thvya._.js:2477
[ 1225071ms] [LOG] [Fast Refresh] rebuilding @ http://localhost:3002/_next/static/chunks/13gc_next_dist_08thvya._.js:2477
[ 1225248ms] [LOG] [Fast Refresh] done in 278ms @ http://localhost:3002/_next/static/chunks/13gc_next_dist_08thvya._.js:2477
