[     331ms] [INFO] %cDownload the React DevTools for a better development experience: https://react.dev/link/react-devtools font-weight:bold @ http://localhost:3002/_next/static/chunks/13gc_next_dist_08thvya._.js:2477
[     365ms] [LOG] [HMR] connected @ http://localhost:3002/_next/static/chunks/13gc_next_dist_08thvya._.js:2477
[     560ms] [LOG] [Fast Refresh] rebuilding @ http://localhost:3002/_next/static/chunks/13gc_next_dist_08thvya._.js:2477
[     609ms] [WARNING] Swiper Loop Warning: The number of slides is not enough for loop mode, it will be disabled or not function properly. You need to add more slides (or make duplicates) or lower the values of slidesPerView and slidesPerGroup parameters @ http://localhost:3002/_next/static/chunks/13gc_next_dist_08thvya._.js:2477
[    1067ms] [LOG] [Fast Refresh] done in 607ms @ http://localhost:3002/_next/static/chunks/13gc_next_dist_08thvya._.js:2477
[    4145ms] [LOG] [Fast Refresh] rebuilding @ http://localhost:3002/_next/static/chunks/13gc_next_dist_08thvya._.js:2477
[    4921ms] [LOG] [Fast Refresh] done in 878ms @ http://localhost:3002/_next/static/chunks/13gc_next_dist_08thvya._.js:2477
[    5612ms] [WARNING] Swiper Loop Warning: The number of slides is not enough for loop mode, it will be disabled or not function properly. You need to add more slides (or make duplicates) or lower the values of slidesPerView and slidesPerGroup parameters @ http://localhost:3002/_next/static/chunks/13gc_next_dist_08thvya._.js:2477
[   31892ms] [LOG] [Fast Refresh] rebuilding @ http://localhost:3002/_next/static/chunks/13gc_next_dist_08thvya._.js:2477
[   32029ms] [LOG] [Fast Refresh] done in 238ms @ http://localhost:3002/_next/static/chunks/13gc_next_dist_08thvya._.js:2477
[   32401ms] [LOG] [Fast Refresh] rebuilding @ http://localhost:3002/_next/static/chunks/13gc_next_dist_08thvya._.js:2477
[   32534ms] [LOG] [Fast Refresh] done in 234ms @ http://localhost:3002/_next/static/chunks/13gc_next_dist_08thvya._.js:2477
[   33501ms] [LOG] [Fast Refresh] rebuilding @ http://localhost:3002/_next/static/chunks/13gc_next_dist_08thvya._.js:2477
[   33596ms] [LOG] [Fast Refresh] done in 195ms @ http://localhost:3002/_next/static/chunks/13gc_next_dist_08thvya._.js:2477
[   46351ms] [LOG] [Fast Refresh] rebuilding @ http://localhost:3002/_next/static/chunks/13gc_next_dist_08thvya._.js:2477
[   46372ms] [LOG] [Fast Refresh] done in 121ms @ http://localhost:3002/_next/static/chunks/13gc_next_dist_08thvya._.js:2477
[   68297ms] [LOG] [Fast Refresh] rebuilding @ http://localhost:3002/_next/static/chunks/13gc_next_dist_08thvya._.js:2477
[   68372ms] [LOG] [Fast Refresh] done in 176ms @ http://localhost:3002/_next/static/chunks/13gc_next_dist_08thvya._.js:2477
[   69101ms] [LOG] [Fast Refresh] rebuilding @ http://localhost:3002/_next/static/chunks/13gc_next_dist_08thvya._.js:2477
[   69220ms] [LOG] [Fast Refresh] done in 220ms @ http://localhost:3002/_next/static/chunks/13gc_next_dist_08thvya._.js:2477
[   73800ms] [LOG] [Fast Refresh] rebuilding @ http://localhost:3002/_next/static/chunks/13gc_next_dist_08thvya._.js:2477
[   74518ms] [LOG] [Fast Refresh] done in 820ms @ http://localhost:3002/_next/static/chunks/13gc_next_dist_08thvya._.js:2477
[   75148ms] [LOG] [Fast Refresh] rebuilding @ http://localhost:3002/_next/static/chunks/13gc_next_dist_08thvya._.js:2477
[   75174ms] [LOG] [Fast Refresh] done in 127ms @ http://localhost:3002/_next/static/chunks/13gc_next_dist_08thvya._.js:2477
[  143489ms] [ERROR] WebSocket connection to 'ws://localhost:3002/_next/webpack-hmr?id=_aIkkdNSBmOxCC2qUegNK' failed: Error in connection establishment: net::ERR_CONNECTION_REFUSED @ http://localhost:3002/_next/static/chunks/13gc_next_dist_client_0-g0skv._.js:13322
[  144492ms] [ERROR] WebSocket connection to 'ws://localhost:3002/_next/webpack-hmr?id=_aIkkdNSBmOxCC2qUegNK' failed: Error in connection establishment: net::ERR_CONNECTION_REFUSED @ http://localhost:3002/_next/static/chunks/13gc_next_dist_client_0-g0skv._.js:13322
[  145495ms] [ERROR] WebSocket connection to 'ws://localhost:3002/_next/webpack-hmr?id=_aIkkdNSBmOxCC2qUegNK' failed: Error in connection establishment: net::ERR_CONNECTION_REFUSED @ http://localhost:3002/_next/static/chunks/13gc_next_dist_client_0-g0skv._.js:13322
[  146497ms] [ERROR] WebSocket connection to 'ws://localhost:3002/_next/webpack-hmr?id=_aIkkdNSBmOxCC2qUegNK' failed: Error in connection establishment: net::ERR_CONNECTION_REFUSED @ http://localhost:3002/_next/static/chunks/13gc_next_dist_client_0-g0skv._.js:13322
[  147501ms] [LOG] [HMR] connected @ http://localhost:3002/_next/static/chunks/13gc_next_dist_08thvya._.js:2477
[  155213ms] [INFO] %cDownload the React DevTools for a better development experience: https://react.dev/link/react-devtools font-weight:bold @ http://localhost:3002/_next/static/chunks/13gc_next_dist_08thvya._.js:2477
[  155264ms] [LOG] [HMR] connected @ http://localhost:3002/_next/static/chunks/13gc_next_dist_08thvya._.js:2477
[  155704ms] [LOG] [Fast Refresh] rebuilding @ http://localhost:3002/_next/static/chunks/13gc_next_dist_08thvya._.js:2477
[  155969ms] [LOG] [Fast Refresh] done in 365ms @ http://localhost:3002/_next/static/chunks/13gc_next_dist_08thvya._.js:2477
[  156289ms] [LOG] [Fast Refresh] rebuilding @ http://localhost:3002/_next/static/chunks/13gc_next_dist_08thvya._.js:2477
[  157017ms] [LOG] [Fast Refresh] done in 829ms @ http://localhost:3002/_next/static/chunks/13gc_next_dist_08thvya._.js:2477
[  157209ms] [LOG] [Fast Refresh] rebuilding @ http://localhost:3002/_next/static/chunks/13gc_next_dist_08thvya._.js:2477
[  157671ms] [LOG] [Fast Refresh] done in 563ms @ http://localhost:3002/_next/static/chunks/13gc_next_dist_08thvya._.js:2477
[  158017ms] [LOG] [Fast Refresh] rebuilding @ http://localhost:3002/_next/static/chunks/13gc_next_dist_08thvya._.js:2477
[  158088ms] [LOG] [Fast Refresh] done in 173ms @ http://localhost:3002/_next/static/chunks/13gc_next_dist_08thvya._.js:2477
[  158321ms] [LOG] [Fast Refresh] rebuilding @ http://localhost:3002/_next/static/chunks/13gc_next_dist_08thvya._.js:2477
[  158340ms] [LOG] [Fast Refresh] done in 120ms @ http://localhost:3002/_next/static/chunks/13gc_next_dist_08thvya._.js:2477
[  158508ms] [LOG] [Fast Refresh] rebuilding @ http://localhost:3002/_next/static/chunks/13gc_next_dist_08thvya._.js:2477
[  158568ms] [LOG] [Fast Refresh] done in 162ms @ http://localhost:3002/_next/static/chunks/13gc_next_dist_08thvya._.js:2477
[  159026ms] [LOG] [Fast Refresh] rebuilding @ http://localhost:3002/_next/static/chunks/13gc_next_dist_08thvya._.js:2477
[  159063ms] [LOG] [Fast Refresh] done in 137ms @ http://localhost:3002/_next/static/chunks/13gc_next_dist_08thvya._.js:2477
[  159301ms] [LOG] [Fast Refresh] rebuilding @ http://localhost:3002/_next/static/chunks/13gc_next_dist_08thvya._.js:2477
[  159494ms] [LOG] [Fast Refresh] done in 293ms @ http://localhost:3002/_next/static/chunks/13gc_next_dist_08thvya._.js:2477
[  172424ms] [LOG] [Fast Refresh] rebuilding @ http://localhost:3002/_next/static/chunks/13gc_next_dist_08thvya._.js:2477
[  172516ms] [LOG] [Fast Refresh] done in 193ms @ http://localhost:3002/_next/static/chunks/13gc_next_dist_08thvya._.js:2477
[  175154ms] [LOG] [Fast Refresh] rebuilding @ http://localhost:3002/_next/static/chunks/13gc_next_dist_08thvya._.js:2477
[  175255ms] [LOG] [Fast Refresh] done in 202ms @ http://localhost:3002/_next/static/chunks/13gc_next_dist_08thvya._.js:2477
[  175394ms] [LOG] [Fast Refresh] rebuilding @ http://localhost:3002/_next/static/chunks/13gc_next_dist_08thvya._.js:2477
[  176069ms] [LOG] [Fast Refresh] done in 777ms @ http://localhost:3002/_next/static/chunks/13gc_next_dist_08thvya._.js:2477
[  176225ms] [LOG] [Fast Refresh] rebuilding @ http://localhost:3002/_next/static/chunks/13gc_next_dist_08thvya._.js:2477
[  176293ms] [LOG] [Fast Refresh] done in 169ms @ http://localhost:3002/_next/static/chunks/13gc_next_dist_08thvya._.js:2477
[  177011ms] [LOG] [Fast Refresh] rebuilding @ http://localhost:3002/_next/static/chunks/13gc_next_dist_08thvya._.js:2477
[  177023ms] [LOG] [Fast Refresh] done in 114ms @ http://localhost:3002/_next/static/chunks/13gc_next_dist_08thvya._.js:2477
[  179475ms] [LOG] [Fast Refresh] rebuilding @ http://localhost:3002/_next/static/chunks/13gc_next_dist_08thvya._.js:2477
[  179487ms] [LOG] [Fast Refresh] done in 113ms @ http://localhost:3002/_next/static/chunks/13gc_next_dist_08thvya._.js:2477
[  183071ms] [LOG] [Fast Refresh] rebuilding @ http://localhost:3002/_next/static/chunks/13gc_next_dist_08thvya._.js:2477
[  183944ms] [LOG] [Fast Refresh] done in 975ms @ http://localhost:3002/_next/static/chunks/13gc_next_dist_08thvya._.js:2477
[  189683ms] [LOG] [Fast Refresh] rebuilding @ http://localhost:3002/_next/static/chunks/13gc_next_dist_08thvya._.js:2477
[  189735ms] [LOG] [Fast Refresh] done in 154ms @ http://localhost:3002/_next/static/chunks/13gc_next_dist_08thvya._.js:2477
[  220072ms] [LOG] [Fast Refresh] rebuilding @ http://localhost:3002/_next/static/chunks/13gc_next_dist_08thvya._.js:2477
[  220177ms] [LOG] [Fast Refresh] done in 207ms @ http://localhost:3002/_next/static/chunks/13gc_next_dist_08thvya._.js:2477
[  223325ms] [LOG] [Fast Refresh] rebuilding @ http://localhost:3002/_next/static/chunks/13gc_next_dist_08thvya._.js:2477
[  223449ms] [LOG] [Fast Refresh] done in 225ms @ http://localhost:3002/_next/static/chunks/13gc_next_dist_08thvya._.js:2477
[  231202ms] [LOG] [Fast Refresh] rebuilding @ http://localhost:3002/_next/static/chunks/13gc_next_dist_08thvya._.js:2477
[  231971ms] [LOG] [Fast Refresh] done in 871ms @ http://localhost:3002/_next/static/chunks/13gc_next_dist_08thvya._.js:2477
[  234418ms] [LOG] [Fast Refresh] rebuilding @ http://localhost:3002/_next/static/chunks/13gc_next_dist_08thvya._.js:2477
[  234853ms] [LOG] [Fast Refresh] done in 537ms @ http://localhost:3002/_next/static/chunks/13gc_next_dist_08thvya._.js:2477
